#0 building with "desktop-linux" instance using docker driver

#1 [internal] load build definition from Dockerfile
#1 transferring dockerfile:
#1 transferring dockerfile: 1.01kB done
#1 DONE 0.9s

#2 [internal] load metadata for docker.io/library/ubuntu:22.04
#2 DONE 2.2s

#3 [internal] load .dockerignore
#3 transferring context:
#3 transferring context: 2B done
#3 DONE 1.0s

#4 [internal] load build context
#4 DONE 0.0s

#5 [1/8] FROM docker.io/library/ubuntu:22.04@sha256:962f6cadeae0ea6284001009daa4cc9a8c37e75d1f5191cf0eb83fe565b63dd7
#5 resolve docker.io/library/ubuntu:22.04@sha256:962f6cadeae0ea6284001009daa4cc9a8c37e75d1f5191cf0eb83fe565b63dd7
#5 resolve docker.io/library/ubuntu:22.04@sha256:962f6cadeae0ea6284001009daa4cc9a8c37e75d1f5191cf0eb83fe565b63dd7 1.5s done
#5 DONE 1.9s

#4 [internal] load build context
#4 transferring context: 159.42kB 0.1s done
#4 DONE 0.8s

#6 [2/8] RUN apt-get update && apt-get install -y --no-install-recommends     curl ca-certificates gnupg lsb-release software-properties-common     && curl -fsSL https://deb.nodesource.com/setup_18.x | bash -     && apt-get install -y --no-install-recommends nodejs build-essential cmake git wget zlib1g-dev     && rm -rf /var/lib/apt/lists/*
#6 CACHED

#7 [3/8] WORKDIR /workspace
#7 CACHED

#8 [4/8] COPY . /workspace
#8 DONE 3.4s

#9 [5/8] RUN npm ci || true
#9 10.31 
#9 10.31 added 1 package, and audited 2 packages in 4s
#9 10.31 
#9 10.31 found 0 vulnerabilities
#9 10.31 npm notice
#9 10.31 npm notice New major version of npm available! 10.8.2 -> 11.14.1
#9 10.31 npm notice Changelog: https://github.com/npm/cli/releases/tag/v11.14.1
#9 10.31 npm notice To update run: npm install -g npm@11.14.1
#9 10.31 npm notice
#9 DONE 12.9s

#10 [6/8] RUN node generate_packets_v3.js --out generated --versions 1.8,1.12.2,1.16.5,1.20.4,1.21.1 || true
#10 3.777 Generating packets for versions: 1.8, 1.12.2, 1.16.5, 1.20.4, 1.21.1
#10 3.777 Loading mcData for 1.8
#10 3.790 Loading mcData for 1.12.2
#10 3.800 Loading mcData for 1.16.5
#10 3.820 Loading mcData for 1.20.4
#10 3.864 Loading mcData for 1.21.1
#10 3.916 Collected 1 packet keys
#10 3.920 Generated typed stubs in generated
#10 3.920 Inspect and refine generated types before integrating into the library.
#10 DONE 11.9s

#11 [7/8] RUN cmake -S . -B build -DCMAKE_BUILD_TYPE=Release     && cmake --build build --config Release -j$(nproc) || true
#11 3.883 -- The CXX compiler identification is GNU 11.4.0
#11 3.889 -- Detecting CXX compiler ABI info
#11 3.998 -- Detecting CXX compiler ABI info - done
#11 4.003 -- Check for working CXX compiler: /usr/bin/c++ - skipped
#11 4.003 -- Detecting CXX compile features
#11 4.003 -- Detecting CXX compile features - done
#11 4.004 -- Including generated packet registry
#11 4.024 -- Found ZLIB: /usr/lib/x86_64-linux-gnu/libz.so (found version "1.2.11") 
#11 4.029 -- Configuring done
#11 4.040 -- Generating done
#11 4.041 -- Build files have been written to: /workspace/build
#11 4.089 [ 13%] Building CXX object CMakeFiles/kprotocol.dir/src/codec.cpp.o
#11 4.089 [ 13%] Building CXX object CMakeFiles/kprotocol.dir/src/types.cpp.o
#11 4.089 [ 20%] Building CXX object CMakeFiles/kprotocol.dir/src/registry.cpp.o
#11 4.089 [ 26%] Building CXX object CMakeFiles/kprotocol.dir/src/translation.cpp.o
#11 4.090 [ 33%] Building CXX object CMakeFiles/kprotocol.dir/src/translation_registry.cpp.o
#11 4.090 [ 40%] Building CXX object CMakeFiles/kprotocol.dir/src/server.cpp.o
#11 4.558 [ 46%] Building CXX object CMakeFiles/kprotocol.dir/src/baseline_packets.cpp.o
#11 4.632 [ 53%] Building CXX object CMakeFiles/kprotocol.dir/generated/registry/register_all_packets.cpp.o
#11 5.713 [ 60%] Linking CXX static library libkprotocol.a
#11 5.768 [ 60%] Built target kprotocol
#11 5.790 [ 80%] Building CXX object CMakeFiles/kprotocol_compression_tests.dir/tests/compression_tests.cpp.o
#11 5.790 [ 80%] Building CXX object CMakeFiles/kprotocol_translation_tests.dir/tests/translation_tests.cpp.o
#11 5.790 [ 80%] Building CXX object CMakeFiles/kprotocol_tests.dir/tests/codec_tests.cpp.o
#11 6.223 [ 86%] Linking CXX executable kprotocol_compression_tests
#11 6.297 [ 86%] Built target kprotocol_compression_tests
#11 6.443 [ 93%] Linking CXX executable kprotocol_translation_tests
#11 6.510 [ 93%] Built target kprotocol_translation_tests
#11 6.534 [100%] Linking CXX executable kprotocol_tests
#11 6.599 [100%] Built target kprotocol_tests
#11 DONE 7.5s

#12 [8/8] RUN ctest --test-dir build --output-on-failure || true
#12 5.114 Internal ctest changing into directory: /workspace/build
#12 5.114 Test project /workspace/build
#12 5.116     Start 1: kprotocol_tests
#12 5.118 1/3 Test #1: kprotocol_tests ..................   Passed    0.00 sec
#12 5.123     Start 2: kprotocol_translation_tests
#12 5.125 2/3 Test #2: kprotocol_translation_tests ......   Passed    0.00 sec
#12 5.125     Start 3: kprotocol_compression_tests
#12 5.129 3/3 Test #3: kprotocol_compression_tests ......   Passed    0.00 sec
#12 5.129 
#12 5.129 100% tests passed, 0 tests failed out of 3
#12 5.129 
#12 5.129 Total Test time (real) =   0.01 sec
#12 DONE 7.1s

#13 exporting to image
#13 exporting layers
#13 exporting layers 33.7s done
#13 exporting manifest sha256:0a90f10f1d9a2a88301d4a32ae8d57420582c4842f4d00b0e110aea1ae406966
#13 exporting manifest sha256:0a90f10f1d9a2a88301d4a32ae8d57420582c4842f4d00b0e110aea1ae406966 done
#13 exporting config sha256:5b5bfbb1e7bbf215d491f790b9b8b9ab6bccd82e316cb8a71883789252ade079
#13 exporting config sha256:5b5bfbb1e7bbf215d491f790b9b8b9ab6bccd82e316cb8a71883789252ade079 1.5s done
#13 exporting attestation manifest sha256:612faaf2fd1fdab0f1359ec1881a22ed1180c49ce75e75a84d97c81c136f9f20
#13 exporting attestation manifest sha256:612faaf2fd1fdab0f1359ec1881a22ed1180c49ce75e75a84d97c81c136f9f20 1.1s done
#13 exporting manifest list sha256:585e9c6d0925dceb849d64a4b7937ceb9589694f6a71ed2631e827991dfc0127
#13 exporting manifest list sha256:585e9c6d0925dceb849d64a4b7937ceb9589694f6a71ed2631e827991dfc0127 0.7s done
#13 naming to docker.io/library/kprotocol:latest
#13 naming to docker.io/library/kprotocol:latest 0.2s done
#13 unpacking to docker.io/library/kprotocol:latest
#13 unpacking to docker.io/library/kprotocol:latest 11.9s done
#13 DONE 45.4s
